timestamp=2025-01-01T06:29:17-05:00 observedTimestamp=2025-01-30T09:13:36-05:00 traceId=4ddc08e6-0357-48b3-9f59-982720601f39 spanId=2cc7a271-e8d8-4677-98d0-2220231c99e4 severityText=FATAL severityNumber=1 body="commodo qui ipsum aute nostrud voluptate veniam officia eiusmod excepteur voluptate magna officia eiusmod veniam" resource.service.name=products-service resource.host.name=web-server-3 instrumentationScope.name=Logger instrumentationScope.version=1.0.0 attributes.http.method=GET attributes.http.status_code=201
timestamp=2025-02-08T12:52:52-05:00 observedTimestamp=2025-01-08T12:32:44-05:00 traceId=cdc6e8ba-4adc-4c8f-82be-fcf2ee8a66d0 spanId=f613f3a9-23f8-45f4-8de7-f482889e3e00 severityText=INFO severityNumber=2 body="tempor occaecat reprehenderit cillum sunt ad occaecat anim anim duis esse ad culpa culpa quis" resource.service.name=orders-service resource.host.name=web-server-4 instrumentationScope.name=Logger instrumentationScope.version=1.0.0 attributes.http.method=PUT attributes.http.status_code=200
timestamp=2025-01-05T03:47:49-05:00 observedTimestamp=2025-02-07T11:56:14-05:00 traceId=2bee8180-7d3f-4cd8-81fd-6117e2892ab0 spanId=fb579f3b-ccf4-47fa-8928-0545b03a5082 severityText=TRACE severityNumber=3 body="excepteur sit excepteur minim tempor sunt excepteur anim aliqua sint non excepteur qui cupidatat velit eiusmod irure ea dolore dolor" resource.service.name=products-service resource.host.name=web-server-2 instrumentationScope.name=Logger instrumentationScope.version=1.0.0 attributes.http.method=PUT attributes.http.status_code=503
timestamp=2025-02-02T12:33:10-05:00 observedTimestamp=2025-01-05T01:56:03-05:00 traceId=c226e54d-f03e-49e1-8e06-55f48c3af4a3 spanId=aa951cc5-4b8d-42b6-a058-243a6071e7b8 severityText=ERROR severityNumber=2 body="cupidatat nulla adipisicing incididunt nostrud tempor laboris anim tempor ea minim nulla aliquip culpa enim ullamco excepteur consequat anim consequat" resource.service.name=orders-service resource.host.name=web-server-2 instrumentationScope.name=Logger instrumentationScope.version=1.0.0 attributes.http.method=POST attributes.http.status_code=200
timestamp=2025-01-21T10:40:56-05:00 observedTimestamp=2025-01-01T11:54:21-05:00 traceId=ad48628f-0cb4-429e-abad-997f49ace3bb spanId=3a49a8d7-5081-40f4-be1d-f21572dafa34 severityText=ERROR severityNumber=1 body="magna in tempor do in aliqua laborum ex laboris non in nostrud non ullamco in pariatur sit minim consectetur laboris" resource.service.name=products-service resource.host.name=web-server-4 instrumentationScope.name=Logger instrumentationScope.version=1.0.0 attributes.http.method=DELETE attributes.http.status_code=200
timestamp=2025-01-25T06:39:28-05:00 observedTimestamp=2025-01-27T05:56:46-05:00 traceId=67cb55e9-0ee8-4058-be02-f2d9eab7f918 spanId=9369442d-4351-4d32-92d9-3958e90c1da6 severityText=INFO severityNumber=2 body="consequat ea culpa nisi ullamco culpa magna eiusmod incididunt pariatur magna commodo exercitation laboris velit" resource.service.name=users-service resource.host.name=web-server-2 instrumentationScope.name=Logger instrumentationScope.version=1.0.0 attributes.http.method=GET attributes.http.status_code=404
timestamp=2025-02-07T01:45:12-05:00 observedTimestamp=2025-01-07T08:46:23-05:00 traceId=6c2f3717-c593-4db9-97b0-2b0aff9f24f5 spanId=ae90f026-c665-46ec-9bb6-2958e7b25806 severityText=ERROR severityNumber=4 body="labore elit esse in ipsum fugiat eu veniam laboris eu et excepteur fugiat amet culpa veniam sint laborum ex ipsum" resource.service.name=products-service resource.host.name=web-server-3 instrumentationScope.name=Logger instrumentationScope.version=1.0.0 attributes.http.method=DELETE attributes.http.status_code=400
timestamp=2025-02-08T09:10:31-05:00 observedTimestamp=2025-02-07T04:27:36-05:00 traceId=6ca22b27-8e64-40f7-9986-f5ecb9d3cdac spanId=e1fd7abb-07ad-4308-a1a6-a6ae637c41eb severityText=FATAL severityNumber=2 body="sunt ipsum nostrud elit tempor elit cupidatat laboris deserunt laboris labore ad dolor nulla sunt" resource.service.name=orders-service resource.host.name=web-server-2 instrumentationScope.name=Logger instrumentationScope.version=1.0.0 attributes.http.method=GET attributes.http.status_code=503
timestamp=2025-02-03T05:46:10-05:00 observedTimestamp=2025-01-10T06:34:26-05:00 traceId=8671519d-31e3-4a63-a9be-6832999aadb7 spanId=65a2df52-ec78-4616-95bf-6898f8049ea6 severityText=ERROR severityNumber=3 body="enim eiusmod nisi irure exercitation aute irure exercitation minim do laboris do excepteur ad id magna eu aute aliquip cillum" resource.service.name=users-service resource.host.name=web-server-1 instrumentationScope.name=Logger instrumentationScope.version=1.0.0 attributes.http.method=PUT attributes.http.status_code=500
timestamp=2025-01-10T05:05:04-05:00 observedTimestamp=2025-01-22T11:07:30-05:00 traceId=3cc5f746-521d-40a3-8248-a9d84a89a611 spanId=cf5925cd-1fa0-4ef9-bdb2-056cb1666156 severityText=TRACE severityNumber=4 body="ullamco proident id do fugiat fugiat duis exercitation amet ea mollit mollit officia adipisicing consequat excepteur eiusmod duis consequat adipisicing" resource.service.name=products-service resource.host.name=web-server-4 instrumentationScope.name=Logger instrumentationScope.version=1.0.0 attributes.http.method=GET attributes.http.status_code=400
timestamp=2025-01-14T02:25:37-05:00 observedTimestamp=2025-01-25T12:16:48-05:00 traceId=a1f8f078-7c60-460a-8cae-bf06b086f461 spanId=0e55e1f1-8115-4f05-9e0f-d6dcfd5b2beb severityText=DEBUG severityNumber=2 body="adipisicing enim ullamco do exercitation nulla do adipisicing amet sit tempor magna aute velit esse pariatur nostrud tempor veniam non" resource.service.name=products-service resource.host.name=web-server-1 instrumentationScope.name=Logger instrumentationScope.version=1.0.0 attributes.http.method=POST attributes.http.status_code=404
timestamp=2025-02-08T08:35:36-05:00 observedTimestamp=2025-01-19T12:17:58-05:00 traceId=731148dd-72e7-4fb9-8a53-5a57bddfbafe spanId=66dacd4b-6319-40f1-a6f7-a18f63bee25e severityText=FATAL severityNumber=1 body="ut nostrud amet deserunt officia ullamco duis pariatur ex eu sint esse in nisi cupidatat" resource.service.name=products-service resource.host.name=web-server-2 instrumentationScope.name=Logger instrumentationScope.version=1.0.0 attributes.http.method=DELETE attributes.http.status_code=503
timestamp=2025-01-20T01:34:34-05:00 observedTimestamp=2025-02-05T07:25:42-05:00 traceId=fa668366-416a-44b4-91a0-eb6f8e807ebb spanId=d23f1e60-8c49-406c-b5f4-29e832254a76 severityText=FATAL severityNumber=1 body="sint ad minim voluptate enim sit tempor ipsum irure exercitation commodo id cillum anim ut sit pariatur pariatur ea pariatur" resource.service.name=users-service resource.host.name=web-server-1 instrumentationScope.name=Logger instrumentationScope.version=1.0.0 attributes.http.method=PUT attributes.http.status_code=500
timestamp=2025-01-27T08:16:26-05:00 observedTimestamp=2025-01-25T06:59:25-05:00 traceId=61a43044-9360-403d-96c2-5a3d3c5a4050 spanId=1e66b706-6a31-40f6-8bfe-7a6be3293075 severityText=TRACE severityNumber=1 body="anim minim nostrud cupidatat ipsum sit quis ex ea laborum eu veniam voluptate anim amet occaecat laboris ex dolor dolore" resource.service.name=orders-service resource.host.name=web-server-3 instrumentationScope.name=Logger instrumentationScope.version=1.0.0 attributes.http.method=DELETE attributes.http.status_code=500
timestamp=2025-02-01T09:10:23-05:00 observedTimestamp=2025-01-20T01:43:12-05:00 traceId=31c578ea-003a-4288-bc49-1c8982148f15 spanId=d29038ab-2beb-4f6b-9005-d73e11702893 severityText=INFO severityNumber=2 body="consequat culpa non est enim cupidatat excepteur duis aute quis magna mollit pariatur sit deserunt amet occaecat ex labore ullamco" resource.service.name=users-service resource.host.name=web-server-1 instrumentationScope.name=Logger instrumentationScope.version=1.0.0 attributes.http.method=GET attributes.http.status_code=503
timestamp=2025-02-02T11:36:21-05:00 observedTimestamp=2025-01-31T10:30:53-05:00 traceId=010377ba-8d18-479a-8ef6-80930a28a1be spanId=7fc06219-d232-4899-86b6-88858c18bdb3 severityText=INFO severityNumber=3 body="eu nulla ut dolore mollit sit qui esse consectetur nostrud veniam laborum est commodo est occaecat aliqua deserunt culpa aliquip" resource.service.name=products-service resource.host.name=web-server-4 instrumentationScope.name=Logger instrumentationScope.version=1.0.0 attributes.http.method=GET attributes.http.status_code=503
timestamp=2025-02-01T08:14:45-05:00 observedTimestamp=2025-01-07T09:44:51-05:00 traceId=85676131-3486-4620-a07e-94f95dd76a46 spanId=9bc1fcfc-cb6d-4ed9-93b6-e84ce205e4a2 severityText=ERROR severityNumber=3 body="reprehenderit irure reprehenderit aute dolor qui esse laborum cillum non dolore tempor ea mollit nulla incididunt cupidatat ex tempor in" resource.service.name=products-service resource.host.name=web-server-1 instrumentationScope.name=Logger instrumentationScope.version=1.0.0 attributes.http.method=POST attributes.http.status_code=200
timestamp=2025-01-25T09:33:00-05:00 observedTimestamp=2025-01-28T01:11:19-05:00 traceId=83385cd1-84db-44b0-a798-71fbaded6817 spanId=fa59ae49-f617-42e1-8a2f-3b4c764c07b0 severityText=DEBUG severityNumber=1 body="est est enim elit consequat consectetur irure esse esse proident aute eu tempor deserunt occaecat" resource.service.name=orders-service resource.host.name=web-server-4 instrumentationScope.name=Logger instrumentationScope.version=1.0.0 attributes.http.method=POST attributes.http.status_code=502
timestamp=2025-01-13T07:43:28-05:00 observedTimestamp=2025-01-13T03:37:57-05:00 traceId=0d5c41b7-bf98-44dc-ba16-c74faca902b3 spanId=ec51a22c-c084-40a8-b138-eaba490406ff severityText=ERROR severityNumber=2 body="excepteur eu aute non do consectetur elit enim nisi fugiat ipsum mollit proident magna eiusmod" resource.service.name=orders-service resource.host.name=web-server-3 instrumentationScope.name=Logger instrumentationScope.version=1.0.0 attributes.http.method=POST attributes.http.status_code=404
timestamp=2025-01-11T05:51:00-05:00 observedTimestamp=2025-01-07T06:15:57-05:00 traceId=1efc3467-880e-46dc-bb28-eb2e1688e7f9 spanId=ece983a5-0c43-43a1-816f-01bf198d3246 severityText=INFO severityNumber=2 body="incididunt ut incididunt ex irure eu est labore aute veniam commodo voluptate incididunt occaecat eiusmod pariatur sunt aliqua consequat aliquip" resource.service.name=users-service resource.host.name=web-server-4 instrumentationScope.name=Logger instrumentationScope.version=1.0.0 attributes.http.method=GET attributes.http.status_code=404
timestamp=2025-02-10T02:37:13-05:00 observedTimestamp=2025-01-15T10:13:34-05:00 traceId=4ad386ba-d16e-4edc-bd48-83d53ca6d6d2 spanId=7c50a565-344e-4033-a3e4-85dd3e6b49b9 severityText=DEBUG severityNumber=1 body="labore ipsum irure pariatur aliquip aliqua pariatur cillum velit sit ullamco cillum cillum ea irure consectetur quis culpa sint ipsum" resource.service.name=users-service resource.host.name=web-server-3 instrumentationScope.name=Logger instrumentationScope.version=1.0.0 attributes.http.method=PUT attributes.http.status_code=200
timestamp=2025-02-09T10:09:28-05:00 observedTimestamp=2025-01-07T01:16:48-05:00 traceId=56e450b6-2007-4b1c-92ae-5152a7c45002 spanId=4c44c5c7-7878-4148-8848-eef06dc1a574 severityText=INFO severityNumber=2 body="veniam in ea elit laborum voluptate ipsum exercitation duis tempor commodo laboris magna ad consequat" resource.service.name=users-service resource.host.name=web-server-4 instrumentationScope.name=Logger instrumentationScope.version=1.0.0 attributes.http.method=GET attributes.http.status_code=200
timestamp=2025-01-17T02:52:32-05:00 observedTimestamp=2025-01-28T10:11:44-05:00 traceId=ecb37c1b-868b-4bfe-9f75-a7d33842a8f7 spanId=41d24f7f-4a47-4366-a0e5-fc2285c9b1e0 severityText=DEBUG severityNumber=3 body="et deserunt nisi excepteur magna minim reprehenderit amet excepteur officia qui dolor irure sit aliqua" resource.service.name=users-service resource.host.name=web-server-3 instrumentationScope.name=Logger instrumentationScope.version=1.0.0 attributes.http.method=PUT attributes.http.status_code=502
timestamp=2025-02-10T11:45:15-05:00 observedTimestamp=2025-01-19T12:49:49-05:00 traceId=739d4f9b-6764-4196-929a-17adb89946af spanId=1e3b5ae6-254e-44e8-8958-0da49f6118b0 severityText=DEBUG severityNumber=4 body="ex eiusmod elit fugiat eiusmod et Lorem amet enim dolor ea veniam aute irure incididunt tempor quis voluptate ea deserunt" resource.service.name=products-service resource.host.name=web-server-2 instrumentationScope.name=Logger instrumentationScope.version=1.0.0 attributes.http.method=GET attributes.http.status_code=502
timestamp=2025-01-14T12:18:50-05:00 observedTimestamp=2025-02-09T09:10:47-05:00 traceId=431bea28-52d7-41f3-9a0e-2e7a66a3720b spanId=f44d3693-e0a4-48ca-aab9-8305de0987f4 severityText=DEBUG severityNumber=4 body="enim cupidatat dolore aute proident excepteur veniam in amet minim pariatur sit est non anim consequat labore proident cupidatat reprehenderit" resource.service.name=products-service resource.host.name=web-server-4 instrumentationScope.name=Logger instrumentationScope.version=1.0.0 attributes.http.method=PUT attributes.http.status_code=500
timestamp=2025-02-03T03:19:54-05:00 observedTimestamp=2025-01-07T06:01:54-05:00 traceId=36b9e2a4-f61f-41c6-aa22-0ac41b7c51dd spanId=60ded581-a046-4c2d-b0c0-b11ebd358308 severityText=TRACE severityNumber=1 body="Lorem labore incididunt sint duis enim cupidatat aliquip non culpa id mollit tempor ullamco esse aute consectetur irure non adipisicing" resource.service.name=users-service resource.host.name=web-server-4 instrumentationScope.name=Logger instrumentationScope.version=1.0.0 attributes.http.method=PUT attributes.http.status_code=502
timestamp=2025-01-31T03:27:38-05:00 observedTimestamp=2025-02-08T02:44:59-05:00 traceId=6fd33ac5-2ae4-44f6-9118-51e42fe21115 spanId=dff1a557-392b-47cb-8f94-6186bf00d0f2 severityText=DEBUG severityNumber=3 body="Lorem Lorem magna laboris deserunt adipisicing esse cillum Lorem non occaecat laboris occaecat anim duis quis incididunt officia officia nostrud" resource.service.name=orders-service resource.host.name=web-server-4 instrumentationScope.name=Logger instrumentationScope.version=1.0.0 attributes.http.method=POST attributes.http.status_code=404
timestamp=2025-01-21T09:21:50-05:00 observedTimestamp=2025-01-04T11:41:22-05:00 traceId=4b90c67b-8d93-4396-bff7-44ea133e4695 spanId=455b8270-49b7-4a28-9d2a-cb1501127cbf severityText=INFO severityNumber=1 body="labore ea do sunt pariatur cupidatat nostrud cupidatat ad laborum culpa magna aute incididunt non magna mollit excepteur id ipsum" resource.service.name=users-service resource.host.name=web-server-4 instrumentationScope.name=Logger instrumentationScope.version=1.0.0 attributes.http.method=GET attributes.http.status_code=503
timestamp=2025-01-27T03:57:19-05:00 observedTimestamp=2025-02-03T01:07:47-05:00 traceId=b0df678d-6ad9-42c7-aeef-cab4ee7848aa spanId=9224df8a-1577-469a-8105-ad2cce5e5cc2 severityText=INFO severityNumber=1 body="duis culpa et pariatur laborum officia ea dolor reprehenderit nostrud nulla proident occaecat minim excepteur" resource.service.name=orders-service resource.host.name=web-server-3 instrumentationScope.name=Logger instrumentationScope.version=1.0.0 attributes.http.method=DELETE attributes.http.status_code=200
timestamp=2025-01-04T08:52:05-05:00 observedTimestamp=2025-01-13T01:50:53-05:00 traceId=f5de8dad-4655-431d-8e29-5a4b19e8c3c5 spanId=a3a90f38-3373-4af7-ad9b-784941d6a031 severityText=FATAL severityNumber=3 body="labore voluptate reprehenderit nisi ea pariatur ad exercitation proident ad pariatur tempor proident aute occaecat" resource.service.name=users-service resource.host.name=web-server-3 instrumentationScope.name=Logger instrumentationScope.version=1.0.0 attributes.http.method=GET attributes.http.status_code=404
timestamp=2025-01-19T12:41:29-05:00 observedTimestamp=2025-01-01T11:49:28-05:00 traceId=66eda82c-3d92-454b-98c9-4556670b591d spanId=1f72b3a1-174b-4a96-b56f-bbfc1ef8f9a6 severityText=TRACE severityNumber=4 body="ut elit in incididunt nostrud commodo nisi laboris aute ex id commodo proident do exercitation" resource.service.name=orders-service resource.host.name=web-server-1 instrumentationScope.name=Logger instrumentationScope.version=1.0.0 attributes.http.method=PUT attributes.http.status_code=503
timestamp=2025-01-18T03:38:02-05:00 observedTimestamp=2025-01-28T12:18:34-05:00 traceId=abbf859a-0a23-4707-b3d1-b76d41d62677 spanId=cf5cada9-c7ce-4e32-9cd7-6f1485dd9a32 severityText=INFO severityNumber=3 body="consectetur nisi consectetur veniam magna non non deserunt do amet voluptate ut consectetur ad labore dolor labore do ullamco dolore" resource.service.name=orders-service resource.host.name=web-server-3 instrumentationScope.name=Logger instrumentationScope.version=1.0.0 attributes.http.method=PUT attributes.http.status_code=503
timestamp=2025-01-22T01:11:50-05:00 observedTimestamp=2025-02-05T01:25:34-05:00 traceId=a8664d9f-9eac-40a5-a0d6-7af7e9d8bc40 spanId=861dd804-b32b-495c-b485-affd25df801e severityText=FATAL severityNumber=2 body="et incididunt dolor non in in commodo amet ea est sint magna pariatur eiusmod pariatur" resource.service.name=users-service resource.host.name=web-server-3 instrumentationScope.name=Logger instrumentationScope.version=1.0.0 attributes.http.method=PUT attributes.http.status_code=200
timestamp=2025-01-30T09:52:18-05:00 observedTimestamp=2025-01-25T01:11:54-05:00 traceId=a51ec9e8-d0cc-43d6-adc8-c39ac48cbda4 spanId=f62c1975-eb80-4495-8895-be733039f947 severityText=INFO severityNumber=2 body="ad esse culpa deserunt dolore ad irure laborum minim ipsum labore cillum anim exercitation enim do officia culpa aliquip sit" resource.service.name=orders-service resource.host.name=web-server-3 instrumentationScope.name=Logger instrumentationScope.version=1.0.0 attributes.http.method=GET attributes.http.status_code=503
timestamp=2025-02-04T12:52:59-05:00 observedTimestamp=2025-01-20T10:35:42-05:00 traceId=6e9434c2-eb97-4141-91ef-dc37af7e2079 spanId=d702d8a3-ea53-42df-865c-db7efab845f4 severityText=TRACE severityNumber=2 body="mollit consequat consequat excepteur enim cillum magna ut nulla qui elit laboris pariatur elit qui incididunt proident culpa dolor nostrud" resource.service.name=users-service resource.host.name=web-server-3 instrumentationScope.name=Logger instrumentationScope.version=1.0.0 attributes.http.method=DELETE attributes.http.status_code=502
timestamp=2025-02-02T11:20:11-05:00 observedTimestamp=2025-01-09T02:34:52-05:00 traceId=0cb69b0c-88cc-4399-b4b0-3ea2a47be5e6 spanId=1511b9d1-9198-4f86-a0b7-edc01c51eb75 severityText=TRACE severityNumber=4 body="sit velit ea id incididunt reprehenderit enim sint nostrud enim aliquip ullamco officia tempor sint eu consectetur ullamco non id" resource.service.name=users-service resource.host.name=web-server-3 instrumentationScope.name=Logger instrumentationScope.version=1.0.0 attributes.http.method=POST attributes.http.status_code=404
timestamp=2025-02-05T10:49:22-05:00 observedTimestamp=2025-01-08T03:04:10-05:00 traceId=bc50f2dd-125d-425f-92a1-f553660bed54 spanId=24e4b906-a413-4871-a564-fff7db21fff5 severityText=TRACE severityNumber=3 body="veniam tempor do duis laboris adipisicing anim pariatur id ullamco velit cillum irure quis laboris" resource.service.name=orders-service resource.host.name=web-server-2 instrumentationScope.name=Logger instrumentationScope.version=1.0.0 attributes.http.method=GET attributes.http.status_code=200
timestamp=2025-01-19T01:04:16-05:00 observedTimestamp=2025-01-28T12:29:07-05:00 traceId=e8d26023-c940-42bd-a75a-fc61f2b1b99b spanId=0e3c10f7-4bc1-45d9-a982-5715f8f3dd30 severityText=INFO severityNumber=2 body="elit pariatur exercitation dolore esse excepteur occaecat est non nostrud aliqua ex culpa id aliquip ut ullamco incididunt laboris labore" resource.service.name=orders-service resource.host.name=web-server-3 instrumentationScope.name=Logger instrumentationScope.version=1.0.0 attributes.http.method=DELETE attributes.http.status_code=400
timestamp=2025-01-27T04:55:36-05:00 observedTimestamp=2025-01-09T12:19:05-05:00 traceId=14167bd6-deda-4735-9dd4-0e0f9837d7f8 spanId=aa1cb6b3-10c2-4265-825c-84d9884ddc2b severityText=INFO severityNumber=2 body="enim est mollit ut officia commodo ad laboris exercitation labore anim anim eiusmod magna nulla dolore commodo adipisicing esse enim" resource.service.name=users-service resource.host.name=web-server-2 instrumentationScope.name=Logger instrumentationScope.version=1.0.0 attributes.http.method=DELETE attributes.http.status_code=201
timestamp=2025-01-02T11:37:34-05:00 observedTimestamp=2025-01-02T12:16:54-05:00 traceId=eabc1f00-76b7-4757-950d-4935c5023235 spanId=27150cfd-37bd-41e1-bf31-0e3bf75c0716 severityText=DEBUG severityNumber=4 body="et nulla minim cillum aliquip et nostrud sit magna sunt id nulla consectetur aute commodo dolor sit aliquip duis occaecat" resource.service.name=products-service resource.host.name=web-server-4 instrumentationScope.name=Logger instrumentationScope.version=1.0.0 attributes.http.method=POST attributes.http.status_code=502
timestamp=2025-01-08T12:18:00-05:00 observedTimestamp=2025-01-10T12:52:32-05:00 traceId=b90fd60f-9a07-455c-810e-4ac5b0564897 spanId=33dfa5f7-3760-462c-8fa2-31d953cf9c90 severityText=TRACE severityNumber=4 body="et in et ad ad in veniam mollit non nisi nisi id amet culpa minim voluptate dolore aute ex excepteur" resource.service.name=users-service resource.host.name=web-server-2 instrumentationScope.name=Logger instrumentationScope.version=1.0.0 attributes.http.method=DELETE attributes.http.status_code=201
timestamp=2025-01-02T07:06:40-05:00 observedTimestamp=2025-02-06T06:18:49-05:00 traceId=0b3f5022-9297-4d03-aff6-ef1f8486d64b spanId=f1d46704-07ee-4cd9-92e7-a33acf34b355 severityText=DEBUG severityNumber=3 body="sint occaecat tempor dolor sunt velit eiusmod labore ex consectetur minim minim incididunt consequat sit" resource.service.name=users-service resource.host.name=web-server-4 instrumentationScope.name=Logger instrumentationScope.version=1.0.0 attributes.http.method=POST attributes.http.status_code=200
timestamp=2025-01-14T02:09:46-05:00 observedTimestamp=2025-01-30T07:26:16-05:00 traceId=c055603f-6dd9-419e-a18d-c8b1625b2c66 spanId=4ff4fb28-0c98-4f0b-b569-11160ddf62fc severityText=DEBUG severityNumber=4 body="deserunt reprehenderit excepteur ea anim laboris enim ipsum esse cupidatat et eiusmod elit quis exercitation" resource.service.name=users-service resource.host.name=web-server-1 instrumentationScope.name=Logger instrumentationScope.version=1.0.0 attributes.http.method=GET attributes.http.status_code=500
timestamp=2025-02-01T02:42:37-05:00 observedTimestamp=2025-02-02T02:39:28-05:00 traceId=f89b3cf0-4279-404e-987e-3fe1b2c0db27 spanId=c8c71a50-b2b4-4db4-81dd-7a4a7db11a95 severityText=FATAL severityNumber=3 body="excepteur ea elit est sit incididunt officia est excepteur culpa cupidatat exercitation anim culpa deserunt" resource.service.name=orders-service resource.host.name=web-server-4 instrumentationScope.name=Logger instrumentationScope.version=1.0.0 attributes.http.method=POST attributes.http.status_code=404
timestamp=2025-01-08T04:25:07-05:00 observedTimestamp=2025-01-30T09:43:42-05:00 traceId=8c6eb8a7-562c-4f44-9544-d5c6f1720c0a spanId=34b7aff1-6764-4bfd-8e8b-ef5382391bef severityText=INFO severityNumber=1 body="nisi do incididunt dolore quis consectetur nulla sunt qui in eu nisi aute sit amet" resource.service.name=products-service resource.host.name=web-server-2 instrumentationScope.name=Logger instrumentationScope.version=1.0.0 attributes.http.method=GET attributes.http.status_code=503
timestamp=2025-01-11T03:37:11-05:00 observedTimestamp=2025-01-30T10:07:18-05:00 traceId=3f7c9f42-efc3-4cf2-9ec8-eec2e93f1aa3 spanId=22e33ccc-2720-4973-b4e2-344357a3d702 severityText=FATAL severityNumber=2 body="id dolore commodo et ut deserunt cillum labore amet non ad non do incididunt pariatur et mollit ut dolore cillum" resource.service.name=users-service resource.host.name=web-server-2 instrumentationScope.name=Logger instrumentationScope.version=1.0.0 attributes.http.method=POST attributes.http.status_code=200
timestamp=2025-01-25T05:06:53-05:00 observedTimestamp=2025-01-07T10:08:21-05:00 traceId=d0fca611-aa7f-4381-8c1b-f7bc3a81aaa4 spanId=44d34b64-6ccf-406f-9664-dd92ebd73c1d severityText=DEBUG severityNumber=3 body="magna occaecat excepteur minim proident ullamco veniam nostrud est aliquip labore commodo sunt velit cillum" resource.service.name=users-service resource.host.name=web-server-1 instrumentationScope.name=Logger instrumentationScope.version=1.0.0 attributes.http.method=GET attributes.http.status_code=201
timestamp=2025-02-06T03:17:40-05:00 observedTimestamp=2025-01-23T11:14:06-05:00 traceId=712fdec1-d60e-4534-9695-8adb1e4aa4a0 spanId=c51401ce-293a-47a6-8da9-ac33c97923b7 severityText=DEBUG severityNumber=3 body="id voluptate minim aliquip cillum ut quis fugiat irure ex in adipisicing amet sint irure" resource.service.name=products-service resource.host.name=web-server-3 instrumentationScope.name=Logger instrumentationScope.version=1.0.0 attributes.http.method=DELETE attributes.http.status_code=500
timestamp=2025-02-02T06:48:28-05:00 observedTimestamp=2025-01-12T08:26:10-05:00 traceId=e97bf3ee-813d-43e5-9019-ec6c660530d9 spanId=a23888c8-f931-4b9c-8555-dc18509574e6 severityText=INFO severityNumber=1 body="quis esse fugiat sint qui labore in ullamco eu mollit eu esse qui dolor aute" resource.service.name=products-service resource.host.name=web-server-1 instrumentationScope.name=Logger instrumentationScope.version=1.0.0 attributes.http.method=POST attributes.http.status_code=201
timestamp=2025-01-30T12:54:06-05:00 observedTimestamp=2025-01-15T11:55:07-05:00 traceId=7a67fff7-85a1-4b3e-bf79-5844a590a62f spanId=a4b06745-9eec-4723-af92-73b1c4fbbc82 severityText=DEBUG severityNumber=4 body="anim eiusmod labore tempor elit ea ea est dolore veniam sit aliquip non culpa deserunt cupidatat ullamco duis pariatur cillum" resource.service.name=orders-service resource.host.name=web-server-1 instrumentationScope.name=Logger instrumentationScope.version=1.0.0 attributes.http.method=PUT attributes.http.status_code=500
timestamp=2025-01-30T12:01:32-05:00 observedTimestamp=2025-01-09T06:15:02-05:00 traceId=df58a03a-dd23-4eb3-be38-812bd0bae157 spanId=67c7ffbe-76d3-40c3-a439-6a6f77f08a9e severityText=DEBUG severityNumber=3 body="magna mollit incididunt magna consectetur tempor tempor minim et sunt voluptate minim adipisicing labore laborum" resource.service.name=users-service resource.host.name=web-server-1 instrumentationScope.name=Logger instrumentationScope.version=1.0.0 attributes.http.method=DELETE attributes.http.status_code=404
timestamp=2025-02-04T01:06:09-05:00 observedTimestamp=2025-02-09T11:30:55-05:00 traceId=6cad6efa-31c7-470d-a67b-545cd419af6a spanId=3269b113-1c1f-4c6e-91f6-1be8b2df82d2 severityText=DEBUG severityNumber=4 body="aliquip officia aliquip culpa mollit dolore nulla quis consequat fugiat consequat magna tempor dolor deserunt" resource.service.name=orders-service resource.host.name=web-server-2 instrumentationScope.name=Logger instrumentationScope.version=1.0.0 attributes.http.method=GET attributes.http.status_code=200
timestamp=2025-02-06T02:58:52-05:00 observedTimestamp=2025-01-08T09:17:33-05:00 traceId=59db710c-2308-478e-b65a-47b4d0c46b2f spanId=9c2b4195-6a2e-45ca-9f64-b10db1277077 severityText=INFO severityNumber=4 body="magna anim mollit mollit eiusmod aliqua et Lorem reprehenderit qui cupidatat adipisicing amet enim elit non velit do ex voluptate" resource.service.name=products-service resource.host.name=web-server-1 instrumentationScope.name=Logger instrumentationScope.version=1.0.0 attributes.http.method=PUT attributes.http.status_code=500
timestamp=2025-01-24T06:44:23-05:00 observedTimestamp=2025-01-15T01:14:39-05:00 traceId=325604fe-e4b5-4790-bb21-77c2949e922a spanId=7be2a128-5304-4a95-971c-ceea04ab1b8c severityText=FATAL severityNumber=2 body="excepteur incididunt laboris minim ut enim cupidatat officia sit et adipisicing cupidatat quis nostrud Lorem" resource.service.name=products-service resource.host.name=web-server-3 instrumentationScope.name=Logger instrumentationScope.version=1.0.0 attributes.http.method=GET attributes.http.status_code=502
